ok - watch-arm: an attached arm reports the wake its cycle delivered instead of a false failure
ok - watch-arm: a delivered wake consumed by the handling turn still closes the attached arm cleanly
ok - watch-arm: an unusable launch confirm window refuses to arm by name
ok - watch-arm: a cycle that delivered no wake of its own still fails loudly
/Users/huntermcdaniel/.no-mistakes/worktrees/579922daef90/01M2GMTN61A2CAA84KMFQYE6YQ/bin/fm-watch-arm.sh: line 566: 27348 Killed: 9               "$WATCH" > "$child_out"
WAKE_ACK_REQUIRED: after handling completes run bin/fm-wake-drain.sh --ack-through 2 --recovery-generation 28006.1789412880.2gXFZC
ok - watch-arm: re-arm surfaces every queued wake and an open remote decision after downtime
watcher: recovery state could not be persisted; retaining stale lock evidence
ok - watch-arm: marker publication failure retains stale-lock recovery evidence
WAKE_ACK_REQUIRED: after handling completes run bin/fm-wake-drain.sh --ack-through 2 --recovery-generation 38397.1789412889.A5VGC6
WAKE_ACK_REQUIRED: after handling completes run bin/fm-wake-drain.sh --ack-through 3 --recovery-generation 40117.1789412891.2gAA1P
ok - watch-arm: a wake queued after handling drain is recovered once at successor arm
ok - watch-arm: interrupted handling leaves its wake durable for successor re-drain
WAKE_ACK_REQUIRED: after handling completes run bin/fm-wake-drain.sh --ack-through 0 --recovery-generation 49951.1789412899.rblcHS
ok - watch-arm: malformed recovery state is quarantined without a successor loop
WAKE_ACK_REQUIRED: after handling completes run bin/fm-wake-drain.sh --ack-through 1 --recovery-generation 52370.1789412901.qe1deo
ok - watch-arm: publication after recovery handoff is surfaced
ok - watch-arm: restart publishes recovery before clearing a reused-pid watcher lock
ok - watch-arm: restart clears a reused-pid lock recorded under an equivalent home spelling
ok - watch-arm: restart leaves a watcher lock recorded for a distinct home untouched
ok - watch-arm: restart leaves a live lock untouched when the watcher script is absent
WAKE_ACK_REQUIRED: after handling completes run bin/fm-wake-drain.sh --ack-through 7 --recovery-generation 59584.1789412917.zEElyx
ok - watch-arm: markerless legacy queues are adopted and recovered
ok - watch-arm: a watcher close during handling keeps the printed acknowledgement valid
ok - watch-arm: a moved recovery generation consumes handled rows and names its remedy
ok - watch-arm: downtime marker publication does not follow symlinks
